// Jest Snapshot v1, https://goo.gl/fbAQLP

exports[`Tests for App component Should rendering without crash 1`] = `
<div
  className="loader sc-bdVaJa goZOWA"
  style={Object {}}
/>
`;
